=== Staging FitForge Onboarding API Verification ===

1. Registering user via signup...
node : 
At line:1 char:1
+ node verify_onboar
ding_api.js > 
test_log.txt 2>&1
+ ~~~~~~~~~~~~~~~~~~
~~~~~~~~~~~~~~~~~~~~
~~~~~~~~~~~
    + CategoryInfo  
            : NotS  
  pecified: (:Str   
 ing) [], Remote    
Exception
    + FullyQualifie 
   dErrorId : Nati  
  veCommandError
 
Γ¥î Verification 
Failed:
 TypeError: fetch 
failed
    at node:internal
/deps/undici/undici:
15433:13
    at process.proce
ssTicksAndRejections
 (node:internal/proc
ess/task_queues:105:
5)
    at async 
runVerification (D:\
FitForge\verify_onbo
arding_api.js:8:23) 
{
  [cause]: 
AggregateError 
[ECONNREFUSED]: 
      at internalCon
nectMultiple 
(node:net:1134:18)
      at afterConnec
tMultiple 
(node:net:1715:7) {
    code: 
'ECONNREFUSED',
    [errors]: [ 
[Error], [Error] ]
  }
}
